Name:                   scaletestapp-deployment
Namespace:              default
CreationTimestamp:      Sun, 09 Feb 2025 12:08:39 +0100
Labels:                 app=scaletestapp
Annotations:            deployment.kubernetes.io/revision: 1
Selector:               app=scaletestapp
Replicas:               2 desired | 2 updated | 2 total | 2 available | 0 unavailable
StrategyType:           RollingUpdate
MinReadySeconds:        0
RollingUpdateStrategy:  25% max unavailable, 25% max surge
Pod Template:
  Labels:  app=scaletestapp
  Containers:
   scaletestapp:
    Image:      shestera/scaletestapp
    Port:       8080/TCP
    Host Port:  0/TCP
    Limits:
      memory:  30Mi
    Requests:
      memory:      15Mi
    Readiness:     http-get http://:8080/ delay=5s timeout=1s period=5s #success=1 #failure=3
    Environment:   <none>
    Mounts:        <none>
  Volumes:         <none>
  Node-Selectors:  <none>
  Tolerations:     <none>
Conditions:
  Type           Status  Reason
  ----           ------  ------
  Progressing    True    NewReplicaSetAvailable
  Available      True    MinimumReplicasAvailable
OldReplicaSets:  <none>
NewReplicaSet:   scaletestapp-deployment-69f994874 (2/2 replicas created)
Events:
  Type    Reason             Age   From                   Message
  ----    ------             ----  ----                   -------
  Normal  ScalingReplicaSet  33m   deployment-controller  Scaled up replica set scaletestapp-deployment-69f994874 to 1
  Normal  ScalingReplicaSet  10m   deployment-controller  Scaled up replica set scaletestapp-deployment-69f994874 to 2 from 1
